// Jest Snapshot v1, https://goo.gl/fbAQLP

exports[`Navbar Component should correctly render the Navbar component 1`] = `
<div
  className="quote"
>
  Loading...
</div>
`;
